// Jest Snapshot v1, https://goo.gl/fbAQLP

exports[`step 5 should query list recursively 1`] = `
Object {
  "data": Object {
    "ls": Array [
      Object {
        "name": "Bart_Simpson.png",
        "type": "File",
      },
      Object {
        "ls": Array [
          Object {
            "name": "Father",
            "type": "Dir",
          },
          Object {
            "name": "Homer_Simpson.png",
            "type": "File",
          },
          Object {
            "name": "Mother",
            "type": "Dir",
          },
        ],
        "name": "Father",
        "type": "Dir",
      },
      Object {
        "name": "Lisa_Simpson.png",
        "type": "File",
      },
      Object {
        "name": "Maggie_Simpson.png",
        "type": "File",
      },
      Object {
        "ls": Array [
          Object {
            "name": "Father",
            "type": "Dir",
          },
          Object {
            "name": "Marge_Simpson.png",
            "type": "File",
          },
          Object {
            "name": "Mother",
            "type": "Dir",
          },
          Object {
            "name": "Patty_Bouvier.png",
            "type": "File",
          },
          Object {
            "name": "Selma_Bouvier.png",
            "type": "File",
          },
        ],
        "name": "Mother",
        "type": "Dir",
      },
    ],
  },
}
`;
